// Jest Snapshot v1, https://goo.gl/fbAQLP

exports[`Book component test 1`] = `
<li
  className="sc-iBYQkv dcwHZs"
>
  <div
    className="sc-ftTHYK jTRBDk"
  >
    <div
      className="sc-pyfCe hvhZEf"
    >
      <div
        className="sc-jrcTuL hXUQtC"
        style={
          Object {
            "backgroundImage": "url(http://books.google.com/books/content?id=nggnmAEACAAJ&printsec=frontcover&img=1&zoom=5&source=gbs_api)",
            "height": 193,
            "width": 128,
          }
        }
      />
      <div
        className="sc-kDvujY iOvohN"
      >
        <select
          className="sc-ipEyDJ iPTPve"
          data-testid="select"
          onChange={[Function]}
          value="currentlyReading"
        >
          <option
            className="sc-csuSiG"
            disabled={true}
            value="move"
          >
            Move to...
          </option>
          <option
            className="sc-csuSiG"
            value="currentlyReading"
          >
            Currently Reading
          </option>
          <option
            className="sc-csuSiG"
            value="wantToRead"
          >
            Want to Read
          </option>
          <option
            className="sc-csuSiG"
            value="read"
          >
            Read
          </option>
          <option
            className="sc-csuSiG"
            value="none"
          >
            None
          </option>
        </select>
      </div>
    </div>
    <div
      className="sc-eDWCr epAbNv"
      data-testid="book-title"
    >
      The Linux Command Line
    </div>
    <div
      className="sc-bqWxrE lawEgt book-authors"
    >
      <span>
        William E. Shotts, Jr.
        
      </span>
    </div>
    <div
      className="sc-bqWxrE lawEgt book-authors"
    >
      <strong
        data-testid="book-shelf"
      >
        currentlyReading
      </strong>
    </div>
  </div>
</li>
`;
