// Jest Snapshot v1, https://goo.gl/fbAQLP

exports[`Home components testing 1`] = `
Array [
  <h2
    className="sc-bcXHqe icDmVn"
  >
    MyReads
  </h2>,
  <div
    className="sc-gswNZR jOpWbm"
    data-testid="books-content"
  >
    <div
      className="sc-hLBbgP inROHo"
    >
      <h2
        className="sc-eDvSVe jSzroE"
        data-testid="shelf-title"
      >
        Currently Reading
      </h2>
      <div
        className="sc-jSUZER cUjmio"
      >
        <div
          className="sc-gKPRtg hzXScj"
          data-testid="books-grid"
        />
      </div>
    </div>
    <div
      className="sc-hLBbgP inROHo"
    >
      <h2
        className="sc-eDvSVe jSzroE"
        data-testid="shelf-title"
      >
        Want to Read
      </h2>
      <div
        className="sc-jSUZER cUjmio"
      >
        <div
          className="sc-gKPRtg hzXScj"
          data-testid="books-grid"
        />
      </div>
    </div>
    <div
      className="sc-hLBbgP inROHo"
    >
      <h2
        className="sc-eDvSVe jSzroE"
        data-testid="shelf-title"
      >
        Read
      </h2>
      <div
        className="sc-jSUZER cUjmio"
      >
        <div
          className="sc-gKPRtg hzXScj"
          data-testid="books-grid"
        />
      </div>
    </div>
  </div>,
  <div
    className="sc-dkrFOg iaXMdo"
  >
    <a
      className="open-search-link"
      href="/search"
      onClick={[Function]}
    >
      Add a Book
    </a>
  </div>,
]
`;
