// Jest Snapshot v1, https://goo.gl/fbAQLP

exports[`Search component test 1`] = `
Array [
  <div
    className="sc-ksBlkl gtennU"
  >
    <a
      className="close-search"
      href="/"
      onClick={[Function]}
    >
      Close
    </a>
    <div
      className="sc-hBxehG fvTiWy"
    >
      <input
        className="sc-fnGiBr ldZNIw"
        data-testid="search-input"
        onChange={[Function]}
        placeholder="Search by title or author"
        type="text"
      />
    </div>
  </div>,
  <div
    className="sc-fEXmlR hQzSRh"
  >
    <div
      className="sc-gKPRtg hzXScj"
      data-testid="books-grid"
    />
  </div>,
]
`;
